/pscratch/sd/j/jlabbate/codes/firm3d/src/firm3d/field/trajectory_helpers.py:803: SyntaxWarning: invalid escape sequence '\z'
  '''def plot_poincare(self, ax=None, j=0, filename="trapped_poincare.pdf",save_points=False): # for Thea
/pscratch/sd/j/jlabbate/codes/firm3d/src/firm3d/field/trajectory_helpers.py:803: SyntaxWarning: invalid escape sequence '\z'
  '''def plot_poincare(self, ax=None, j=0, filename="trapped_poincare.pdf",save_points=False): # for Thea
/pscratch/sd/j/jlabbate/codes/firm3d/src/firm3d/field/trajectory_helpers.py:803: SyntaxWarning: invalid escape sequence '\z'
  '''def plot_poincare(self, ax=None, j=0, filename="trapped_poincare.pdf",save_points=False): # for Thea
/pscratch/sd/j/jlabbate/codes/firm3d/src/firm3d/field/trajectory_helpers.py:803: SyntaxWarning: invalid escape sequence '\z'
  '''def plot_poincare(self, ax=None, j=0, filename="trapped_poincare.pdf",save_points=False): # for Thea
/pscratch/sd/j/jlabbate/codes/firm3d/src/firm3d/field/trajectory_helpers.py:803: SyntaxWarning: invalid escape sequence '\z'
  '''def plot_poincare(self, ax=None, j=0, filename="trapped_poincare.pdf",save_points=False): # for Thea
/pscratch/sd/j/jlabbate/codes/firm3d/src/firm3d/field/trajectory_helpers.py:803: SyntaxWarning: invalid escape sequence '\z'
  '''def plot_poincare(self, ax=None, j=0, filename="trapped_poincare.pdf",save_points=False): # for Thea
/pscratch/sd/j/jlabbate/codes/firm3d/src/firm3d/field/trajectory_helpers.py:803: SyntaxWarning: invalid escape sequence '\z'
  '''def plot_poincare(self, ax=None, j=0, filename="trapped_poincare.pdf",save_points=False): # for Thea
/pscratch/sd/j/jlabbate/codes/firm3d/src/firm3d/field/trajectory_helpers.py:803: SyntaxWarning: invalid escape sequence '\z'
  '''def plot_poincare(self, ax=None, j=0, filename="trapped_poincare.pdf",save_points=False): # for Thea
/pscratch/sd/j/jlabbate/codes/firm3d/src/firm3d/field/trajectory_helpers.py:803: SyntaxWarning: invalid escape sequence '\z'
  '''def plot_poincare(self, ax=None, j=0, filename="trapped_poincare.pdf",save_points=False): # for Thea
/pscratch/sd/j/jlabbate/codes/firm3d/src/firm3d/field/trajectory_helpers.py:803: SyntaxWarning: invalid escape sequence '\z'
  '''def plot_poincare(self, ax=None, j=0, filename="trapped_poincare.pdf",save_points=False): # for Thea
/pscratch/sd/j/jlabbate/codes/firm3d/src/firm3d/field/trajectory_helpers.py:803: SyntaxWarning: invalid escape sequence '\z'
  '''def plot_poincare(self, ax=None, j=0, filename="trapped_poincare.pdf",save_points=False): # for Thea
/pscratch/sd/j/jlabbate/codes/firm3d/src/firm3d/field/trajectory_helpers.py:803: SyntaxWarning: invalid escape sequence '\z'
  '''def plot_poincare(self, ax=None, j=0, filename="trapped_poincare.pdf",save_points=False): # for Thea
/pscratch/sd/j/jlabbate/codes/firm3d/src/firm3d/field/trajectory_helpers.py:803: SyntaxWarning: invalid escape sequence '\z'
  '''def plot_poincare(self, ax=None, j=0, filename="trapped_poincare.pdf",save_points=False): # for Thea
/pscratch/sd/j/jlabbate/codes/firm3d/src/firm3d/field/trajectory_helpers.py:803: SyntaxWarning: invalid escape sequence '\z'
  '''def plot_poincare(self, ax=None, j=0, filename="trapped_poincare.pdf",save_points=False): # for Thea
/pscratch/sd/j/jlabbate/codes/firm3d/src/firm3d/field/trajectory_helpers.py:803: SyntaxWarning: invalid escape sequence '\z'
  '''def plot_poincare(self, ax=None, j=0, filename="trapped_poincare.pdf",save_points=False): # for Thea
/pscratch/sd/j/jlabbate/codes/firm3d/src/firm3d/field/trajectory_helpers.py:803: SyntaxWarning: invalid escape sequence '\z'
  '''def plot_poincare(self, ax=None, j=0, filename="trapped_poincare.pdf",save_points=False): # for Thea
/pscratch/sd/j/jlabbate/codes/firm3d/src/firm3d/field/trajectory_helpers.py:803: SyntaxWarning: invalid escape sequence '\z'
  '''def plot_poincare(self, ax=None, j=0, filename="trapped_poincare.pdf",save_points=False): # for Thea
/pscratch/sd/j/jlabbate/codes/firm3d/src/firm3d/field/trajectory_helpers.py:803: SyntaxWarning: invalid escape sequence '\z'
  '''def plot_poincare(self, ax=None, j=0, filename="trapped_poincare.pdf",save_points=False): # for Thea
/pscratch/sd/j/jlabbate/codes/firm3d/src/firm3d/field/trajectory_helpers.py:803: SyntaxWarning: invalid escape sequence '\z'
  '''def plot_poincare(self, ax=None, j=0, filename="trapped_poincare.pdf",save_points=False): # for Thea
/pscratch/sd/j/jlabbate/codes/firm3d/src/firm3d/field/trajectory_helpers.py:803: SyntaxWarning: invalid escape sequence '\z'
  '''def plot_poincare(self, ax=None, j=0, filename="trapped_poincare.pdf",save_points=False): # for Thea
/pscratch/sd/j/jlabbate/codes/firm3d/src/firm3d/field/trajectory_helpers.py:803: SyntaxWarning: invalid escape sequence '\z'
  '''def plot_poincare(self, ax=None, j=0, filename="trapped_poincare.pdf",save_points=False): # for Thea
/pscratch/sd/j/jlabbate/codes/firm3d/src/firm3d/field/trajectory_helpers.py:803: SyntaxWarning: invalid escape sequence '\z'
  '''def plot_poincare(self, ax=None, j=0, filename="trapped_poincare.pdf",save_points=False): # for Thea
/pscratch/sd/j/jlabbate/codes/firm3d/src/firm3d/field/trajectory_helpers.py:803: SyntaxWarning: invalid escape sequence '\z'
  '''def plot_poincare(self, ax=None, j=0, filename="trapped_poincare.pdf",save_points=False): # for Thea
/pscratch/sd/j/jlabbate/codes/firm3d/src/firm3d/field/trajectory_helpers.py:803: SyntaxWarning: invalid escape sequence '\z'
  '''def plot_poincare(self, ax=None, j=0, filename="trapped_poincare.pdf",save_points=False): # for Thea
/pscratch/sd/j/jlabbate/codes/firm3d/src/firm3d/field/trajectory_helpers.py:803: SyntaxWarning: invalid escape sequence '\z'
  '''def plot_poincare(self, ax=None, j=0, filename="trapped_poincare.pdf",save_points=False): # for Thea
/pscratch/sd/j/jlabbate/codes/firm3d/src/firm3d/field/trajectory_helpers.py:803: SyntaxWarning: invalid escape sequence '\z'
  '''def plot_poincare(self, ax=None, j=0, filename="trapped_poincare.pdf",save_points=False): # for Thea
/pscratch/sd/j/jlabbate/codes/firm3d/src/firm3d/field/trajectory_helpers.py:803: SyntaxWarning: invalid escape sequence '\z'
  '''def plot_poincare(self, ax=None, j=0, filename="trapped_poincare.pdf",save_points=False): # for Thea
/pscratch/sd/j/jlabbate/codes/firm3d/src/firm3d/field/trajectory_helpers.py:803: SyntaxWarning: invalid escape sequence '\z'
  '''def plot_poincare(self, ax=None, j=0, filename="trapped_poincare.pdf",save_points=False): # for Thea
/pscratch/sd/j/jlabbate/codes/firm3d/src/firm3d/field/trajectory_helpers.py:803: SyntaxWarning: invalid escape sequence '\z'
  '''def plot_poincare(self, ax=None, j=0, filename="trapped_poincare.pdf",save_points=False): # for Thea
/pscratch/sd/j/jlabbate/codes/firm3d/src/firm3d/field/trajectory_helpers.py:803: SyntaxWarning: invalid escape sequence '\z'
  '''def plot_poincare(self, ax=None, j=0, filename="trapped_poincare.pdf",save_points=False): # for Thea
/pscratch/sd/j/jlabbate/codes/firm3d/src/firm3d/field/trajectory_helpers.py:803: SyntaxWarning: invalid escape sequence '\z'
  '''def plot_poincare(self, ax=None, j=0, filename="trapped_poincare.pdf",save_points=False): # for Thea
/pscratch/sd/j/jlabbate/codes/firm3d/src/firm3d/field/trajectory_helpers.py:803: SyntaxWarning: invalid escape sequence '\z'
  '''def plot_poincare(self, ax=None, j=0, filename="trapped_poincare.pdf",save_points=False): # for Thea
/pscratch/sd/j/jlabbate/codes/firm3d/src/firm3d/field/trajectory_helpers.py:803: SyntaxWarning: invalid escape sequence '\z'
  '''def plot_poincare(self, ax=None, j=0, filename="trapped_poincare.pdf",save_points=False): # for Thea
/pscratch/sd/j/jlabbate/codes/firm3d/src/firm3d/field/trajectory_helpers.py:803: SyntaxWarning: invalid escape sequence '\z'
  '''def plot_poincare(self, ax=None, j=0, filename="trapped_poincare.pdf",save_points=False): # for Thea
/pscratch/sd/j/jlabbate/codes/firm3d/src/firm3d/field/trajectory_helpers.py:803: SyntaxWarning: invalid escape sequence '\z'
  '''def plot_poincare(self, ax=None, j=0, filename="trapped_poincare.pdf",save_points=False): # for Thea
/pscratch/sd/j/jlabbate/codes/firm3d/src/firm3d/field/trajectory_helpers.py:803: SyntaxWarning: invalid escape sequence '\z'
  '''def plot_poincare(self, ax=None, j=0, filename="trapped_poincare.pdf",save_points=False): # for Thea
/pscratch/sd/j/jlabbate/codes/firm3d/src/firm3d/field/trajectory_helpers.py:803: SyntaxWarning: invalid escape sequence '\z'
  '''def plot_poincare(self, ax=None, j=0, filename="trapped_poincare.pdf",save_points=False): # for Thea
/pscratch/sd/j/jlabbate/codes/firm3d/src/firm3d/field/trajectory_helpers.py:803: SyntaxWarning: invalid escape sequence '\z'
  '''def plot_poincare(self, ax=None, j=0, filename="trapped_poincare.pdf",save_points=False): # for Thea
/pscratch/sd/j/jlabbate/codes/firm3d/src/firm3d/field/trajectory_helpers.py:803: SyntaxWarning: invalid escape sequence '\z'
  '''def plot_poincare(self, ax=None, j=0, filename="trapped_poincare.pdf",save_points=False): # for Thea
/pscratch/sd/j/jlabbate/codes/firm3d/src/firm3d/field/trajectory_helpers.py:803: SyntaxWarning: invalid escape sequence '\z'
  '''def plot_poincare(self, ax=None, j=0, filename="trapped_poincare.pdf",save_points=False): # for Thea
/pscratch/sd/j/jlabbate/codes/firm3d/src/firm3d/field/trajectory_helpers.py:803: SyntaxWarning: invalid escape sequence '\z'
  '''def plot_poincare(self, ax=None, j=0, filename="trapped_poincare.pdf",save_points=False): # for Thea
/pscratch/sd/j/jlabbate/codes/firm3d/src/firm3d/field/trajectory_helpers.py:803: SyntaxWarning: invalid escape sequence '\z'
  '''def plot_poincare(self, ax=None, j=0, filename="trapped_poincare.pdf",save_points=False): # for Thea
/pscratch/sd/j/jlabbate/codes/firm3d/src/firm3d/field/trajectory_helpers.py:803: SyntaxWarning: invalid escape sequence '\z'
  '''def plot_poincare(self, ax=None, j=0, filename="trapped_poincare.pdf",save_points=False): # for Thea
/pscratch/sd/j/jlabbate/codes/firm3d/src/firm3d/field/trajectory_helpers.py:803: SyntaxWarning: invalid escape sequence '\z'
  '''def plot_poincare(self, ax=None, j=0, filename="trapped_poincare.pdf",save_points=False): # for Thea
/pscratch/sd/j/jlabbate/codes/firm3d/src/firm3d/field/trajectory_helpers.py:803: SyntaxWarning: invalid escape sequence '\z'
  '''def plot_poincare(self, ax=None, j=0, filename="trapped_poincare.pdf",save_points=False): # for Thea
/pscratch/sd/j/jlabbate/codes/firm3d/src/firm3d/field/trajectory_helpers.py:803: SyntaxWarning: invalid escape sequence '\z'
  '''def plot_poincare(self, ax=None, j=0, filename="trapped_poincare.pdf",save_points=False): # for Thea
/pscratch/sd/j/jlabbate/codes/firm3d/src/firm3d/field/trajectory_helpers.py:803: SyntaxWarning: invalid escape sequence '\z'
  '''def plot_poincare(self, ax=None, j=0, filename="trapped_poincare.pdf",save_points=False): # for Thea
/pscratch/sd/j/jlabbate/codes/firm3d/src/firm3d/field/trajectory_helpers.py:803: SyntaxWarning: invalid escape sequence '\z'
  '''def plot_poincare(self, ax=None, j=0, filename="trapped_poincare.pdf",save_points=False): # for Thea
/pscratch/sd/j/jlabbate/codes/firm3d/src/firm3d/field/trajectory_helpers.py:803: SyntaxWarning: invalid escape sequence '\z'
  '''def plot_poincare(self, ax=None, j=0, filename="trapped_poincare.pdf",save_points=False): # for Thea
/pscratch/sd/j/jlabbate/codes/firm3d/src/firm3d/field/trajectory_helpers.py:803: SyntaxWarning: invalid escape sequence '\z'
  '''def plot_poincare(self, ax=None, j=0, filename="trapped_poincare.pdf",save_points=False): # for Thea
/pscratch/sd/j/jlabbate/codes/firm3d/src/firm3d/field/trajectory_helpers.py:803: SyntaxWarning: invalid escape sequence '\z'
  '''def plot_poincare(self, ax=None, j=0, filename="trapped_poincare.pdf",save_points=False): # for Thea
/pscratch/sd/j/jlabbate/codes/firm3d/src/firm3d/field/trajectory_helpers.py:803: SyntaxWarning: invalid escape sequence '\z'
  '''def plot_poincare(self, ax=None, j=0, filename="trapped_poincare.pdf",save_points=False): # for Thea
/pscratch/sd/j/jlabbate/codes/firm3d/src/firm3d/field/trajectory_helpers.py:803: SyntaxWarning: invalid escape sequence '\z'
  '''def plot_poincare(self, ax=None, j=0, filename="trapped_poincare.pdf",save_points=False): # for Thea
/pscratch/sd/j/jlabbate/codes/firm3d/src/firm3d/field/trajectory_helpers.py:803: SyntaxWarning: invalid escape sequence '\z'
  '''def plot_poincare(self, ax=None, j=0, filename="trapped_poincare.pdf",save_points=False): # for Thea
/pscratch/sd/j/jlabbate/codes/firm3d/src/firm3d/field/trajectory_helpers.py:803: SyntaxWarning: invalid escape sequence '\z'
  '''def plot_poincare(self, ax=None, j=0, filename="trapped_poincare.pdf",save_points=False): # for Thea
/pscratch/sd/j/jlabbate/codes/firm3d/src/firm3d/field/trajectory_helpers.py:803: SyntaxWarning: invalid escape sequence '\z'
  '''def plot_poincare(self, ax=None, j=0, filename="trapped_poincare.pdf",save_points=False): # for Thea
/pscratch/sd/j/jlabbate/codes/firm3d/src/firm3d/field/trajectory_helpers.py:803: SyntaxWarning: invalid escape sequence '\z'
  '''def plot_poincare(self, ax=None, j=0, filename="trapped_poincare.pdf",save_points=False): # for Thea
/pscratch/sd/j/jlabbate/codes/firm3d/src/firm3d/field/trajectory_helpers.py:803: SyntaxWarning: invalid escape sequence '\z'
  '''def plot_poincare(self, ax=None, j=0, filename="trapped_poincare.pdf",save_points=False): # for Thea
/pscratch/sd/j/jlabbate/codes/firm3d/src/firm3d/field/trajectory_helpers.py:803: SyntaxWarning: invalid escape sequence '\z'
  '''def plot_poincare(self, ax=None, j=0, filename="trapped_poincare.pdf",save_points=False): # for Thea
/pscratch/sd/j/jlabbate/codes/firm3d/src/firm3d/field/trajectory_helpers.py:803: SyntaxWarning: invalid escape sequence '\z'
  '''def plot_poincare(self, ax=None, j=0, filename="trapped_poincare.pdf",save_points=False): # for Thea
/pscratch/sd/j/jlabbate/codes/firm3d/src/firm3d/field/trajectory_helpers.py:803: SyntaxWarning: invalid escape sequence '\z'
  '''def plot_poincare(self, ax=None, j=0, filename="trapped_poincare.pdf",save_points=False): # for Thea
/pscratch/sd/j/jlabbate/codes/firm3d/src/firm3d/field/trajectory_helpers.py:803: SyntaxWarning: invalid escape sequence '\z'
  '''def plot_poincare(self, ax=None, j=0, filename="trapped_poincare.pdf",save_points=False): # for Thea
/pscratch/sd/j/jlabbate/codes/firm3d/src/firm3d/field/trajectory_helpers.py:803: SyntaxWarning: invalid escape sequence '\z'
  '''def plot_poincare(self, ax=None, j=0, filename="trapped_poincare.pdf",save_points=False): # for Thea
/pscratch/sd/j/jlabbate/codes/firm3d/src/firm3d/field/trajectory_helpers.py:803: SyntaxWarning: invalid escape sequence '\z'
  '''def plot_poincare(self, ax=None, j=0, filename="trapped_poincare.pdf",save_points=False): # for Thea
Traceback (most recent call last):
  File "/pscratch/sd/j/jlabbate/codes/firm3d/examples/orbit_classification/fusion_distribution_classification.py", line 144, in <module>
    np.savetxt("data/particle_" + str(iParticle) + "_traj.txt", res_ty)
    ~~~~~~~~~~^^^^^^^^^^^^^^^^^^^^^^^^^^^^^^^^^^^^^^^^^^^^^^^^^^^^^^^^^
  File "/global/homes/j/jlabbate/.conda/envs/TrappedResonance/lib/python3.13/site-packages/numpy/lib/_npyio_impl.py", line 1565, in savetxt
    open(fname, 'wt').close()
    ~~~~^^^^^^^^^^^^^
FileNotFoundError: [Errno 2] No such file or directory: 'data/particle_611_traj.txt'
srun: error: nid006617: task 122: Exited with exit code 1
srun: Terminating StepId=44978996.0
slurmstepd: error: *** STEP 44978996.0 ON nid005586 CANCELLED AT 2025-11-07T23:32:31 ***
srun: error: nid006610: tasks 64-79: Terminated
srun: error: nid005586: tasks 0-15: Terminated
srun: error: nid006356: tasks 48-63: Terminated
srun: error: nid006616: tasks 96-111: Terminated
srun: error: nid006617: tasks 112-121,123-127: Terminated
srun: error: nid005588: tasks 16-31: Terminated
srun: error: nid005958: tasks 32-47: Terminated
srun: error: nid006611: tasks 80-95: Terminated
srun: Force Terminated StepId=44978996.0
